#Frame      Dih_00001
       1     158.6649
       2      57.6082
       3      99.1817
       4      74.5439
       5    -173.2126
       6    -171.7466
       7    -115.5091
       8    -154.7028
       9    -107.7322
      10     103.5339
