#Frame      Dis_00000
       1      22.9602
       2      16.3942
       3      22.9602
       4      16.3942
       5      16.9264
       6      15.9005
       7      18.3785
       8      19.5137
       9      16.8504
      10      17.8605
      11      16.8572
      12      20.8188
      13      16.3942
      14      15.9005
      15      19.5137
